// Jest Snapshot v1, https://goo.gl/fbAQLP

exports[`Apresentation matches snapshot 1`] = `
<section
  class="sc-bczRLJ empGxY"
>
  <div
    class="sc-gsnTZi jwBwLH"
  >
    <h1
      class="sc-dkzDqf kCGsYS"
    >
      <span
        style="opacity: 0;"
      >
        C
      </span>
      <span
        style="opacity: 0;"
      >
        o
      </span>
      <span
        style="opacity: 0;"
      >
        n
      </span>
      <span
        style="opacity: 0;"
      >
        s
      </span>
      <span
        style="opacity: 0;"
      >
        t
      </span>
      <span
        style="opacity: 0;"
      >
        r
      </span>
      <span
        style="opacity: 0;"
      >
        u
      </span>
      <span
        style="opacity: 0;"
      >
        i
      </span>
      <span
        style="opacity: 0;"
      >
        n
      </span>
      <span
        style="opacity: 0;"
      >
        d
      </span>
      <span
        style="opacity: 0;"
      >
        o
      </span>
      <span
        style="opacity: 0;"
      >
         
      </span>
      <span
        style="opacity: 0;"
      >
        p
      </span>
      <span
        style="opacity: 0;"
      >
        r
      </span>
      <span
        style="opacity: 0;"
      >
        o
      </span>
      <span
        style="opacity: 0;"
      >
        d
      </span>
      <span
        style="opacity: 0;"
      >
        u
      </span>
      <span
        style="opacity: 0;"
      >
        t
      </span>
      <span
        style="opacity: 0;"
      >
        o
      </span>
      <span
        style="opacity: 0;"
      >
        s
      </span>
      <span
        style="opacity: 0;"
      >
        ,
      </span>
      <span
        style="opacity: 0;"
      >
         
      </span>
      <span
        style="opacity: 0;"
      >
        m
      </span>
      <span
        style="opacity: 0;"
      >
        a
      </span>
      <span
        style="opacity: 0;"
      >
        r
      </span>
      <span
        style="opacity: 0;"
      >
        c
      </span>
      <span
        style="opacity: 0;"
      >
        a
      </span>
      <span
        style="opacity: 0;"
      >
        s
      </span>
      <span
        style="opacity: 0;"
      >
         
      </span>
      <span
        style="opacity: 0;"
      >
        e
      </span>
      <span
        style="opacity: 0;"
      >
         
      </span>
      <span
        style="opacity: 0;"
      >
        e
      </span>
      <span
        style="opacity: 0;"
      >
        x
      </span>
      <span
        style="opacity: 0;"
      >
        p
      </span>
      <span
        style="opacity: 0;"
      >
        e
      </span>
      <span
        style="opacity: 0;"
      >
        r
      </span>
      <span
        style="opacity: 0;"
      >
        i
      </span>
      <span
        style="opacity: 0;"
      >
        Ãª
      </span>
      <span
        style="opacity: 0;"
      >
        n
      </span>
      <span
        style="opacity: 0;"
      >
        c
      </span>
      <span
        style="opacity: 0;"
      >
        i
      </span>
      <span
        style="opacity: 0;"
      >
        a
      </span>
      <span
        style="opacity: 0;"
      >
        s
      </span>
      <span
        style="opacity: 0;"
      >
         
      </span>
      <span
        style="opacity: 0;"
      >
        d
      </span>
      <span
        style="opacity: 0;"
      >
        i
      </span>
      <span
        style="opacity: 0;"
      >
        g
      </span>
      <span
        style="opacity: 0;"
      >
        i
      </span>
      <span
        style="opacity: 0;"
      >
        t
      </span>
      <span
        style="opacity: 0;"
      >
        a
      </span>
      <span
        style="opacity: 0;"
      >
        i
      </span>
      <span
        style="opacity: 0;"
      >
        s
      </span>
      <span
        style="opacity: 0;"
      >
        .
      </span>
    </h1>
    <p
      class="sc-hKMtZM fAtVar"
    >
      <span
        style="opacity: 0;"
      >
        E
      </span>
      <span
        style="opacity: 0;"
      >
        N
      </span>
      <span
        style="opacity: 0;"
      >
        T
      </span>
      <span
        style="opacity: 0;"
      >
        R
      </span>
      <span
        style="opacity: 0;"
      >
        E
      </span>
      <span
        style="opacity: 0;"
      >
         
      </span>
      <span
        style="opacity: 0;"
      >
        E
      </span>
      <span
        style="opacity: 0;"
      >
        M
      </span>
      <span
        style="opacity: 0;"
      >
         
      </span>
      <span
        style="opacity: 0;"
      >
        C
      </span>
      <span
        style="opacity: 0;"
      >
        O
      </span>
      <span
        style="opacity: 0;"
      >
        N
      </span>
      <span
        style="opacity: 0;"
      >
        T
      </span>
      <span
        style="opacity: 0;"
      >
        A
      </span>
      <span
        style="opacity: 0;"
      >
        T
      </span>
      <span
        style="opacity: 0;"
      >
        O
      </span>
      <span
        style="opacity: 0;"
      >
         
      </span>
      <span
        style="opacity: 0;"
      >
        P
      </span>
      <span
        style="opacity: 0;"
      >
        O
      </span>
      <span
        style="opacity: 0;"
      >
        R
      </span>
      <span
        style="opacity: 0;"
      >
         
      </span>
      <span
        style="opacity: 0;"
      >
        A
      </span>
      <span
        style="opacity: 0;"
      >
        Q
      </span>
      <span
        style="opacity: 0;"
      >
        U
      </span>
      <span
        style="opacity: 0;"
      >
        I
      </span>
    </p>
    <a
      class="sc-eCYdqJ cmOTFM"
      href="mailto:eugiovannasouza@gmail.com"
    >
      <span
        style="opacity: 0;"
      >
        e
      </span>
      <span
        style="opacity: 0;"
      >
        u
      </span>
      <span
        style="opacity: 0;"
      >
        g
      </span>
      <span
        style="opacity: 0;"
      >
        i
      </span>
      <span
        style="opacity: 0;"
      >
        o
      </span>
      <span
        style="opacity: 0;"
      >
        v
      </span>
      <span
        style="opacity: 0;"
      >
        a
      </span>
      <span
        style="opacity: 0;"
      >
        n
      </span>
      <span
        style="opacity: 0;"
      >
        n
      </span>
      <span
        style="opacity: 0;"
      >
        a
      </span>
      <span
        style="opacity: 0;"
      >
        s
      </span>
      <span
        style="opacity: 0;"
      >
        o
      </span>
      <span
        style="opacity: 0;"
      >
        u
      </span>
      <span
        style="opacity: 0;"
      >
        z
      </span>
      <span
        style="opacity: 0;"
      >
        a
      </span>
      <span
        style="opacity: 0;"
      >
        @
      </span>
      <span
        style="opacity: 0;"
      >
        g
      </span>
      <span
        style="opacity: 0;"
      >
        m
      </span>
      <span
        style="opacity: 0;"
      >
        a
      </span>
      <span
        style="opacity: 0;"
      >
        i
      </span>
      <span
        style="opacity: 0;"
      >
        l
      </span>
      <span
        style="opacity: 0;"
      >
        .
      </span>
      <span
        style="opacity: 0;"
      >
        c
      </span>
      <span
        style="opacity: 0;"
      >
        o
      </span>
      <span
        style="opacity: 0;"
      >
        m
      </span>
    </a>
  </div>
  <div
    class="sc-jSMfEi ykkjU"
  >
    <img
      height="600"
      src="/apresentation.svg"
      width="300"
    />
  </div>
</section>
`;
