// Jest Snapshot v1, https://goo.gl/fbAQLP

exports[`Skills matches snapshot 1`] = `
<h1
  class="sc-gsnTZi dSgLBd"
>
  Conhecimentos
</h1>
`;
