// Jest Snapshot v1, https://goo.gl/fbAQLP

exports[`Banner matches snapshot 1`] = `
<section
  class="sc-bczRLJ jFKiRm"
>
  <h1
    class="sc-gsnTZi dWprHZ"
  >
    Vamos fazer algo incr√≠vel juntos.
  </h1>
</section>
`;
