// Jest Snapshot v1, https://goo.gl/fbAQLP

exports[`MyServices matches snapshot 1`] = `
<section
  class="sc-bczRLJ gIwltK"
>
  <h1
    class="sc-gsnTZi bqgLsg"
  >
    Design 
    <span>
      &
    </span>
     Desenvolvimento
  </h1>
</section>
`;
