// Jest Snapshot v1, https://goo.gl/fbAQLP

exports[`AboutMe matches snapshot 1`] = `
<section
  class="sc-bczRLJ RcMkp"
>
  <h1
    class="sc-gsnTZi bRGGsb"
  >
    Giovanna Souza
    <span>
      .
    </span>
  </h1>
  <small
    class="sc-dkzDqf eZUUTv"
  >
    Front-end Developer na 
    <a
      class="sc-eCYdqJ cpJoyG"
      href="https://www.instagram.com/hypesoftbrasil/"
    >
      Hypesoft
    </a>
  </small>
  <p
    class="sc-hKMtZM bkfbAB"
  >
    Ol치! Prazer 游눞 
    <br />
    <br />
    Sou uma desenvolvedora com brilho no olho, que est치 sempre em busca do pr칩ximo n칤vel e que se empenha em trazer assuntos relevantes pra comunidade.
    <br />
    <br />
    Sou apaixonada por criar produtos 칰teis e de boa qualidade para os usu치rios, atualmente possuo 2 anos na 치rea de desenvolvimento e ando me aperfei칞oando tanto na parte t칠cnica quanto na parte de lideran칞a de um time.
    <br />
    <br />
    Alguns dos meus objetivos s칚o ter um crescimento continuo, impactar a vida das pessoas e construir interfaces de boa qualidade.
  </p>
</section>
`;
